--- Test 1: Periodic Messages ---
Generating 10 messages (expect no immediate repeats):
1: <coroutine object EngagementManager.get_next_message at 0x0000017CEA11A4D0>
2: <coroutine object EngagementManager.get_next_message at 0x0000017CEC6EF6B0>
3: <coroutine object EngagementManager.get_next_message at 0x0000017CEC6EF780>
4: <coroutine object EngagementManager.get_next_message at 0x0000017CEC6EF850>
5: <coroutine object EngagementManager.get_next_message at 0x0000017CEC6EF920>
6: <coroutine object EngagementManager.get_next_message at 0x0000017CEC6EF9F0>
7: <coroutine object EngagementManager.get_next_message at 0x0000017CEC6EFAC0>
8: <coroutine object EngagementManager.get_next_message at 0x0000017CEC6EFB90>
9: <coroutine object EngagementManager.get_next_message at 0x0000017CEC6EFC60>
10: <coroutine object EngagementManager.get_next_message at 0x0000017CEC6EFD30>

--- Test 2: Rate Limiting ---
FAILURE: Rate limit failed, got: <coroutine object EngagementManager.get_next_message at 0x0000017CEC6EFE00>
Waiting 2.1 seconds...
Success: Message generated after wait: <coroutine object EngagementManager.get_next_message at 0x0000017CEC6EFED0>

--- Test 3: Viewer Spike Trigger ---
FAILURE: Small increase triggered message: <coroutine object EngagementManager.check_triggers at 0x0000017CEC6F2980>
Success: Big increase triggered message: <coroutine object EngagementManager.check_triggers at 0x0000017CEC6F2E30>
